python-book-samples $ python
Python 3.13.2 (v3.13.2:4f8bb3947cf, Feb  4 2025, 11:51:10) [Clang 15.0.0 (clang-1500.3.9.4)] on darwin
Type "help", "copyright", "credits" or "license" for more information.
>>> (   )
()
>>> ("Holy Grail")
'Holy Grail'
>>> (1, 3, 5)
(1, 3, 5)
>>>  2 + 4 + 24
  File "<python-input-3>", line 1
    2 + 4 + 24
IndentationError: unexpected indent
>>> 2 + 4 + 24
30
>>> 21 // 2 / 5
2.0
>>> 2 + 3 * 3 - 7
4
>>> # expression list
>>> 